Microchip MPLAB XC8 Compiler V2.41

Linker command line:

-W-3 \
  --edf=C:/Program Files/Microchip/MPLABX/v6.15/packs/Microchip/PIC18Fxxxx_DFP/1.4.151/xc8\pic\dat\20230323171731_en.msgs \
  -cn -h+dist/default/debug\Project_One.debug.sym \
  --cmf=dist/default/debug\Project_One.debug.cmf -z -Q18F4620 \
  -oC:\Users\DELL\AppData\Local\Temp\xcAs888.\driver_tmp_3.o \
  --defsym=__MPLAB_BUILD=1 --fixupoverflow=error \
  -Mdist/default/debug/Project_One.debug.map \
  --md=C:\Users\DELL\AppData\Local\Temp\xcAs888.\driver_tmp_0.dat -E1 \
  -ver=XC8 Compiler --acfsm=1493 -ACODE=00h-0FFFFh -ACONST=00h-0FFFFh \
  -ASMALLCONST=01000h-010FFhx240 -AMEDIUMCONST=01000h-0FFFFh \
  -ACOMRAM=01h-07Fh -AABS1=00h-0F7Fh -ABIGRAM=01h-0F7Fh \
  -ARAM=080h-0FFh,0100h-01FFhx14,0F00h-0F7Fh -ABANK0=080h-0FFh \
  -ABANK1=0100h-01FFh -ABANK2=0200h-02FFh -ABANK3=0300h-03FFh \
  -ABANK4=0400h-04FFh -ABANK5=0500h-05FFh -ABANK6=0600h-06FFh \
  -ABANK7=0700h-07FFh -ABANK8=0800h-08FFh -ABANK9=0900h-09FFh \
  -ABANK10=0A00h-0AFFh -ABANK11=0B00h-0BFFh -ABANK12=0C00h-0CFFh \
  -ABANK13=0D00h-0DFFh -ABANK14=0E00h-0EFFh -ABANK15=0F00h-0F7Fh \
  -ASFR=0F80h-0FFFh -ABIGSFR=0F80h-0FFFh -ACONFIG=0300000h-030000Dh \
  -AIDLOC=0200000h-0200007h -AEEDATA=0F00000h-0F003FFh -peeprom_data=EEDATA \
  -preset_vec=00h,intcode=08h,intcodelo,powerup,init -pramtop=01000h \
  -psmallconst=SMALLCONST -pmediumconst=MEDIUMCONST -pconst=CONST \
  -AFARRAM=00h-00h \
  -prdata=COMRAM,nvrram=COMRAM,nvbit=COMRAM,rbss=COMRAM,rbit=COMRAM \
  -pfarbss=FARRAM,fardata=FARRAM,nvFARRAM=FARRAM \
  -pintsave_regs=BIGRAM,bigbss=BIGRAM,bigdata=BIGRAM -pbss=RAM \
  -pidata=CODE,irdata=CODE,ibigdata=CODE,ifardata=CODE -prparam=COMRAM \
  C:\Users\DELL\AppData\Local\Temp\xcAs888.\driver_tmp_9.o \
  dist/default/debug\Project_One.debug.o 

Object code version is 3.11

Machine type is 18F4620



                Name                               Link     Load   Length Selector   Space Scale
C:\Users\DELL\AppData\Local\Temp\xcAs888.\driver_tmp_9.o
                config                           300000   300000        E        0       4
                init                                  E        E        4        4       0
                reset_vec                             0        0        4        0       0
dist/default/debug\Project_One.debug.o
                intcode                               8        8        6        4       0
                config                           300000   300000        E        0       4
                temp                                 73       73        1        1       1
                smallconst                         1000     1000        8      800       0
                text25                             1D7C     1D7C        4      E76       0
                text24                             1D78     1D78        4      E76       0
                text23                             1D74     1D74        4      E76       0
                text22                             1D54     1D54       1A      E76       0
                text21                             1D3A     1D3A       1A      E76       0
                text20                             1D20     1D20       1A      E76       0
                text19                             1D06     1D06       1A      E76       0
                intcode_body                       1008     1008      286      804       0
                text17                             1BCE     1BCE       42      804       0
                text16                             1B88     1B88       46      804       0
                text15                             128E     128E      144      804       0
                text14                             13D2     13D2      13C      804       0
                text13                             1A5E     1A5E       6C      804       0
                text12                             1C4C     1C4C       3C      804       0
                text11                             1ACA     1ACA       68      804       0
                text10                             19EC     19EC       72      804       0
                text9                              1636     1636      128      804       0
                text8                              1C10     1C10       3C      804       0
                text7                              17F4     17F4       90      804       0
                text6                              150E     150E      128      804       0
                text5                              1CEC     1CEC       1A      E76       0
                text4                              1D6E     1D6E        6      E76       0
                text3                              1884     1884       7C      804       0
                text2                              1976     1976       76      804       0
                text1                              1900     1900       76      804       0
                text0                              175E     175E       96      804       0
                cstackCOMRAM                         34       34       22        1       1
                dataBANK0                            80       80       30       80       1
                dataCOMRAM                            1        1       33        1       1
                bssCOMRAM                            56       56       1D        1       1
                cinit                              1B32     1B32       56      804       0
                idataBANK0                         1CBB     1CBB       30      804       0
                idataCOMRAM                        1C88     1C88       33      804       0

TOTAL           Name                               Link     Load   Length     Space
        CLASS   CODE           
                intcode                               8        8        6         0
                init                                  E        E        4         0
                reset_vec                             0        0        4         0
                text25                             1D7C     1D7C        4         0
                text24                             1D78     1D78        4         0
                text23                             1D74     1D74        4         0
                text22                             1D54     1D54       1A         0
                text21                             1D3A     1D3A       1A         0
                text20                             1D20     1D20       1A         0
                text19                             1D06     1D06       1A         0
                intcode_body                       1008     1008      286         0
                text17                             1BCE     1BCE       42         0
                text16                             1B88     1B88       46         0
                text15                             128E     128E      144         0
                text14                             13D2     13D2      13C         0
                text13                             1A5E     1A5E       6C         0
                text12                             1C4C     1C4C       3C         0
                text11                             1ACA     1ACA       68         0
                text10                             19EC     19EC       72         0
                text9                              1636     1636      128         0
                text8                              1C10     1C10       3C         0
                text7                              17F4     17F4       90         0
                text6                              150E     150E      128         0
                text5                              1CEC     1CEC       1A         0
                text4                              1D6E     1D6E        6         0
                text3                              1884     1884       7C         0
                text2                              1976     1976       76         0
                text1                              1900     1900       76         0
                text0                              175E     175E       96         0
                cinit                              1B32     1B32       56         0
                idataBANK0                         1CBB     1CBB       30         0
                idataCOMRAM                        1C88     1C88       33         0

        CLASS   CONST          

        CLASS   SMALLCONST     
                smallconst                         1000     1000        8         0

        CLASS   MEDIUMCONST    

        CLASS   COMRAM         
                temp                                 73       73        1         1
                cstackCOMRAM                         34       34       22         1
                dataCOMRAM                            1        1       33         1
                bssCOMRAM                            56       56       1D         1

        CLASS   ABS1           

        CLASS   BIGRAM         

        CLASS   RAM            

        CLASS   BANK0          
                dataBANK0                            80       80       30         1

        CLASS   BANK1          

        CLASS   BANK2          

        CLASS   BANK3          

        CLASS   BANK4          

        CLASS   BANK5          

        CLASS   BANK6          

        CLASS   BANK7          

        CLASS   BANK8          

        CLASS   BANK9          

        CLASS   BANK10         

        CLASS   BANK11         

        CLASS   BANK12         

        CLASS   BANK13         

        CLASS   BANK14         

        CLASS   BANK15         

        CLASS   SFR            

        CLASS   BIGSFR         

        CLASS   CONFIG         
                config                           300000   300000        E         4

        CLASS   IDLOC          

        CLASS   EEDATA         

        CLASS   FARRAM         

        CLASS   HEAP           

        CLASS   STACK          



SEGMENTS        Name                           Load    Length   Top    Selector   Space  Class

                reset_vec                      000000  000004  000004         0       0  CODE    
                dataCOMRAM                     000001  000073  000074         1       1  COMRAM  
                intcode                        000008  00000A  000012         4       0  CODE    
                dataBANK0                      000080  000030  0000B0        80       1  BANK0   
                smallconst                     001000  000008  001008       800       0  SMALLCON
                intcode_body                   001008  000CE3  001CEB       804       0  CODE    
                text5                          001CEC  000094  001D80       E76       0  CODE    


UNUSED ADDRESS RANGES

        Name                Unused          Largest block    Delta
        BANK0            0000B0-0000FF               50
        BANK1            000100-0001FF              100
        BANK10           000A00-000AFF              100
        BANK11           000B00-000BFF              100
        BANK12           000C00-000CFF              100
        BANK13           000D00-000DFF              100
        BANK14           000E00-000EFF              100
        BANK15           000F00-000F7F               80
        BANK2            000200-0002FF              100
        BANK3            000300-0003FF              100
        BANK4            000400-0004FF              100
        BANK5            000500-0005FF              100
        BANK6            000600-0006FF              100
        BANK7            000700-0007FF              100
        BANK8            000800-0008FF              100
        BANK9            000900-0009FF              100
        BIGRAM           000074-00007F                C
                         0000B0-000F7F              ED0
        BIGSFR           000F80-000FFF               80
        CODE             000004-000007                4
                         000012-000FFF              FEE
                         001CEB-001CEB                1
                         001D80-00FFFF             E280
        COMRAM           000074-00007F                C
        CONST            000004-000007                4
                         000012-000FFF              FEE
                         001CEB-001CEB                1
                         001D80-00FFFF             E280
        EEDATA           F00000-F003FF              400
        IDLOC            200000-200007                8
        MEDIUMCONST      001CEB-001CEB                1
                         001D80-00FFFF             E280
        RAM              0000B0-000F7F              100
        SFR              000F80-000FFF               80
        SMALLCONST       001CEB-001CEB                1
                         001D80-00FFFF              100

                                  Symbol Table

Data_EEPROM_Read_Data@Add                       cstackCOMRAM 000035
Data_EEPROM_Read_Data@data                      cstackCOMRAM 000037
Data_EEPROM_Read_Data@ret                       cstackCOMRAM 000039
Data_EEPROM_Write_Data@Add                      cstackCOMRAM 000035
Data_EEPROM_Write_Data@Global_Interrupt_Statues cstackCOMRAM 000038
Data_EEPROM_Write_Data@data                     cstackCOMRAM 000037
RB4_ISR@source                                  cstackCOMRAM 000034
RB5_ISR@source                                  cstackCOMRAM 000034
RB6_ISR@source                                  cstackCOMRAM 000034
RB7_ISR@source                                  cstackCOMRAM 000034
Relay_Initialize@F3042                          bssCOMRAM    00006E
Relay_Turn_OFF@F3052                            bssCOMRAM    00006C
Relay_Turn_ON@F3047                             bssCOMRAM    00006D
_Data_EEPROM_Read_Data                          text17       001BCE
_Data_EEPROM_Write_Data                         text16       001B88
_ECU_Layer_initialize                           text5        001CEC
_EEADR                                          (abs)        000FA9
_EEADRH                                         (abs)        000FAA
_EECON1bits                                     (abs)        000FA6
_EECON2                                         (abs)        000FA7
_EEDATA                                         (abs)        000FA8
_INT0_ISR                                       text25       001D7C
_INT0_Interrupt_Handular                        bssCOMRAM    00006A
_INT1_ISR                                       text24       001D78
_INT1_Interrupt_Handular                        bssCOMRAM    000068
_INT2_ISR                                       text23       001D74
_INT2_Interrupt_Handular                        bssCOMRAM    000066
_INTCON2bits                                    (abs)        000FF1
_INTCON3bits                                    (abs)        000FF0
_INTCONbits                                     (abs)        000FF2
_Interrupt_Manager                              intcode      000008
_LATA                                           (abs)        000F89
_LATB                                           (abs)        000F8A
_LATC                                           (abs)        000F8B
_LATD                                           (abs)        000F8C
_LATE                                           (abs)        000F8D
_PORTA                                          (abs)        000F80
_PORTB                                          (abs)        000F81
_PORTBbits                                      (abs)        000F81
_PORTC                                          (abs)        000F82
_PORTD                                          (abs)        000F83
_PORTE                                          (abs)        000F84
_RB4_Flag                                       dataCOMRAM   000022
_RB4_ISR                                        text22       001D54
_RB4_Interrupt_Handular_HIGH                    bssCOMRAM    000064
_RB4_Interrupt_Handular_LOW                     bssCOMRAM    000062
_RB5_Flag                                       dataCOMRAM   000021
_RB5_ISR                                        text21       001D3A
_RB5_Interrupt_Handular_HIGH                    bssCOMRAM    000060
_RB5_Interrupt_Handular_LOW                     bssCOMRAM    00005E
_RB6_Flag                                       dataCOMRAM   000020
_RB6_ISR                                        text20       001D20
_RB6_Interrupt_Handular_HIGH                    bssCOMRAM    00005C
_RB6_Interrupt_Handular_LOW                     bssCOMRAM    00005A
_RB7_Flag                                       dataCOMRAM   00001F
_RB7_ISR                                        text19       001D06
_RB7_Interrupt_Handular_HIGH                    bssCOMRAM    000058
_RB7_Interrupt_Handular_LOW                     bssCOMRAM    000056
_TRISA                                          (abs)        000F92
_TRISB                                          (abs)        000F93
_TRISC                                          (abs)        000F94
_TRISD                                          (abs)        000F95
_TRISE                                          (abs)        000F96
__HRAM                                          (abs)        000000
__H__absolute__                                 __absolute__ 000000
__Habs1                                         abs1         000000
__Hbank0                                        bank0        000000
__Hbank1                                        bank1        000000
__Hbank10                                       bank10       000000
__Hbank11                                       bank11       000000
__Hbank12                                       bank12       000000
__Hbank13                                       bank13       000000
__Hbank14                                       bank14       000000
__Hbank15                                       bank15       000000
__Hbank2                                        bank2        000000
__Hbank3                                        bank3        000000
__Hbank4                                        bank4        000000
__Hbank5                                        bank5        000000
__Hbank6                                        bank6        000000
__Hbank7                                        bank7        000000
__Hbank8                                        bank8        000000
__Hbank9                                        bank9        000000
__Hbigbss                                       bigbss       000000
__Hbigdata                                      bigdata      000000
__Hbigram                                       bigram       000000
__Hbigsfr                                       bigsfr       000000
__Hbss                                          bss          000000
__HbssCOMRAM                                    bssCOMRAM    000000
__Hcinit                                        cinit        000000
__Hclrtext                                      clrtext      000000
__Hcomram                                       comram       000000
__Hconfig                                       config       30000E
__Hconst                                        const        000000
__HcstackCOMRAM                                 cstackCOMRAM 000000
__Hdata                                         data         000000
__HdataBANK0                                    dataBANK0    000000
__HdataCOMRAM                                   dataCOMRAM   000000
__Heeprom_data                                  eeprom_data  000000
__Hfarbss                                       farbss       000000
__Hfardata                                      fardata      000000
__Hheap                                         heap         000000
__Hibigdata                                     ibigdata     000000
__Hidata                                        idata        000000
__HidataBANK0                                   idataBANK0   000000
__HidataCOMRAM                                  idataCOMRAM  000000
__Hidloc                                        idloc        000000
__Hifardata                                     ifardata     000000
__Hinit                                         init         000012
__Hintcode                                      intcode      00000E
__Hintcode_body                                 intcode_body 000000
__Hintcodelo                                    intcodelo    00000E
__Hintentry                                     intentry     000000
__Hintret                                       intret       000000
__Hintsave_regs                                 intsave_regs 000000
__Hirdata                                       irdata       000000
__Hmediumconst                                  mediumconst  000000
__HnvFARRAM                                     nvFARRAM     000000
__Hnvbit                                        nvbit        000000
__Hnvrram                                       nvrram       000000
__Hparam                                        rparam       000000
__Hpowerup                                      powerup      00000E
__Hram                                          ram          000000
__Hramtop                                       ramtop       001000
__Hrbit                                         rbit         000000
__Hrbss                                         rbss         000000
__Hrdata                                        rdata        000000
__Hreset_vec                                    reset_vec    000004
__Hrparam                                       rparam       000000
__Hsfr                                          sfr          000000
__Hsmallconst                                   smallconst   001008
__Hspace_0                                      (abs)        001D80
__Hspace_1                                      (abs)        0000B0
__Hspace_2                                      (abs)        000000
__Hspace_4                                      (abs)        60000E
__Hstack                                        stack        000000
__Hstruct                                       struct       000000
__Htemp                                         temp         000074
__Htext                                         text         000000
__Htext0                                        text0        000000
__Htext1                                        text1        000000
__Htext10                                       text10       000000
__Htext11                                       text11       000000
__Htext12                                       text12       000000
__Htext13                                       text13       000000
__Htext14                                       text14       000000
__Htext15                                       text15       000000
__Htext16                                       text16       000000
__Htext17                                       text17       000000
__Htext19                                       text19       000000
__Htext2                                        text2        000000
__Htext20                                       text20       000000
__Htext21                                       text21       000000
__Htext22                                       text22       000000
__Htext23                                       text23       000000
__Htext24                                       text24       000000
__Htext25                                       text25       000000
__Htext3                                        text3        000000
__Htext4                                        text4        000000
__Htext5                                        text5        000000
__Htext6                                        text6        000000
__Htext7                                        text7        000000
__Htext8                                        text8        000000
__Htext9                                        text9        000000
__LRAM                                          (abs)        000001
__L__absolute__                                 __absolute__ 000000
__Labs1                                         abs1         000000
__Lbank0                                        bank0        000000
__Lbank1                                        bank1        000000
__Lbank10                                       bank10       000000
__Lbank11                                       bank11       000000
__Lbank12                                       bank12       000000
__Lbank13                                       bank13       000000
__Lbank14                                       bank14       000000
__Lbank15                                       bank15       000000
__Lbank2                                        bank2        000000
__Lbank3                                        bank3        000000
__Lbank4                                        bank4        000000
__Lbank5                                        bank5        000000
__Lbank6                                        bank6        000000
__Lbank7                                        bank7        000000
__Lbank8                                        bank8        000000
__Lbank9                                        bank9        000000
__Lbigbss                                       bigbss       000000
__Lbigdata                                      bigdata      000000
__Lbigram                                       bigram       000000
__Lbigsfr                                       bigsfr       000000
__Lbss                                          bss          000000
__LbssCOMRAM                                    bssCOMRAM    000000
__Lcinit                                        cinit        000000
__Lclrtext                                      clrtext      000000
__Lcomram                                       comram       000000
__Lconfig                                       config       000000
__Lconst                                        const        000000
__LcstackCOMRAM                                 cstackCOMRAM 000000
__Ldata                                         data         000000
__LdataBANK0                                    dataBANK0    000000
__LdataCOMRAM                                   dataCOMRAM   000000
__Leeprom_data                                  eeprom_data  000000
__Lfarbss                                       farbss       000000
__Lfardata                                      fardata      000000
__Lheap                                         heap         000000
__Libigdata                                     ibigdata     000000
__Lidata                                        idata        000000
__LidataBANK0                                   idataBANK0   000000
__LidataCOMRAM                                  idataCOMRAM  000000
__Lidloc                                        idloc        000000
__Lifardata                                     ifardata     000000
__Linit                                         init         00000E
__Lintcode                                      intcode      000008
__Lintcode_body                                 intcode_body 000000
__Lintcodelo                                    intcodelo    00000E
__Lintentry                                     intentry     000000
__Lintret                                       intret       000000
__Lintsave_regs                                 intsave_regs 000000
__Lirdata                                       irdata       000000
__Lmediumconst                                  mediumconst  000000
__LnvFARRAM                                     nvFARRAM     000000
__Lnvbit                                        nvbit        000000
__Lnvrram                                       nvrram       000000
__Lparam                                        rparam       000000
__Lpowerup                                      powerup      00000E
__Lram                                          ram          000000
__Lramtop                                       ramtop       001000
__Lrbit                                         rbit         000000
__Lrbss                                         rbss         000000
__Lrdata                                        rdata        000000
__Lreset_vec                                    reset_vec    000000
__Lrparam                                       rparam       000000
__Lsfr                                          sfr          000000
__Lsmallconst                                   smallconst   001000
__Lspace_0                                      (abs)        000000
__Lspace_1                                      (abs)        000000
__Lspace_2                                      (abs)        000000
__Lspace_4                                      (abs)        000000
__Lstack                                        stack        000000
__Lstruct                                       struct       000000
__Ltemp                                         temp         000073
__Ltext                                         text         000000
__Ltext0                                        text0        000000
__Ltext1                                        text1        000000
__Ltext10                                       text10       000000
__Ltext11                                       text11       000000
__Ltext12                                       text12       000000
__Ltext13                                       text13       000000
__Ltext14                                       text14       000000
__Ltext15                                       text15       000000
__Ltext16                                       text16       000000
__Ltext17                                       text17       000000
__Ltext19                                       text19       000000
__Ltext2                                        text2        000000
__Ltext20                                       text20       000000
__Ltext21                                       text21       000000
__Ltext22                                       text22       000000
__Ltext23                                       text23       000000
__Ltext24                                       text24       000000
__Ltext25                                       text25       000000
__Ltext3                                        text3        000000
__Ltext4                                        text4        000000
__Ltext5                                        text5        000000
__Ltext6                                        text6        000000
__Ltext7                                        text7        000000
__Ltext8                                        text8        000000
__Ltext9                                        text9        000000
__S0                                            (abs)        001D80
__S1                                            (abs)        0000B0
__S4                                            (abs)        000000
__S5                                            (abs)        000000
___heap_hi                                      (abs)        000000
___heap_lo                                      (abs)        000000
___inthi_sp                                     stack        000000
___intlo_sp                                     stack        000000
___param_bank                                   (abs)        000000
___rparam_used                                  (abs)        000001
___sp                                           stack        000000
__accesstop                                     (abs)        000080
__activetblptr                                  (abs)        000003
__end_of_Data_EEPROM_Read_Data                  text17       001C10
__end_of_Data_EEPROM_Write_Data                 text16       001BCE
__end_of_ECU_Layer_initialize                   text5        001D06
__end_of_INT0_ISR                               text25       001D80
__end_of_INT1_ISR                               text24       001D7C
__end_of_INT2_ISR                               text23       001D78
__end_of_Interrupt_Manager                      intcode_body 00128E
__end_of_RB4_ISR                                text22       001D6E
__end_of_RB5_ISR                                text21       001D54
__end_of_RB6_ISR                                text20       001D3A
__end_of_RB7_ISR                                text19       001D20
__end_of__initialization                        cinit        001B7E
__end_of_application_initialize                 text4        001D74
__end_of_gpio_pin_direction_intialize           text15       0013D2
__end_of_gpio_pin_intialize                     text13       001ACA
__end_of_gpio_pin_write_logic                   text14       00150E
__end_of_lcd_4_bit_initialize                   text9        00175E
__end_of_lcd_4_bit_send_command                 text10       001A5E
__end_of_lcd_4bit_send_enable_signal            text12       001C88
__end_of_lcd_8_bit_initialize                   text6        001636
__end_of_lcd_8_bit_send_command                 text7        001884
__end_of_lcd_8bit_send_enable_signal            text8        001C4C
__end_of_led_initialize                         text3        001900
__end_of_led_turn_off                           text2        0019EC
__end_of_led_turn_on                            text1        001976
__end_of_main                                   text0        0017F4
__end_of_send_4bit_data                         text11       001B32
__initialization                                cinit        001B32
__mediumconst                                   mediumconst  000000
__pbssCOMRAM                                    bssCOMRAM    000056
__pcinit                                        cinit        001B32
__pcstackCOMRAM                                 cstackCOMRAM 000034
__pdataBANK0                                    dataBANK0    000080
__pdataCOMRAM                                   dataCOMRAM   000001
__pidataBANK0                                   idataBANK0   001CBB
__pidataCOMRAM                                  idataCOMRAM  001C88
__pintcode                                      intcode      000008
__pintcode_body                                 intcode_body 001008
__psmallconst                                   smallconst   001000
__ptext0                                        text0        00175E
__ptext1                                        text1        001900
__ptext10                                       text10       0019EC
__ptext11                                       text11       001ACA
__ptext12                                       text12       001C4C
__ptext13                                       text13       001A5E
__ptext14                                       text14       0013D2
__ptext15                                       text15       00128E
__ptext16                                       text16       001B88
__ptext17                                       text17       001BCE
__ptext19                                       text19       001D06
__ptext2                                        text2        001976
__ptext20                                       text20       001D20
__ptext21                                       text21       001D3A
__ptext22                                       text22       001D54
__ptext23                                       text23       001D74
__ptext24                                       text24       001D78
__ptext25                                       text25       001D7C
__ptext3                                        text3        001884
__ptext4                                        text4        001D6E
__ptext5                                        text5        001CEC
__ptext6                                        text6        00150E
__ptext7                                        text7        0017F4
__ptext8                                        text8        001C10
__ptext9                                        text9        001636
__ramtop                                        ramtop       001000
__smallconst                                    smallconst   001000
_application_initialize                         text4        001D6E
_gpio_pin_direction_intialize                   text15       00128E
_gpio_pin_intialize                             text13       001A5E
_gpio_pin_write_logic                           text14       0013D2
_keypad_btn_values                              dataBANK0    000080
_lat_registers                                  dataCOMRAM   00000B
_lcd_1                                          dataCOMRAM   00002D
_lcd_2                                          dataCOMRAM   000023
_lcd_4_bit_initialize                           text9        001636
_lcd_4_bit_send_command                         text10       0019EC
_lcd_4bit_send_enable_signal                    text12       001C4C
_lcd_8_bit_initialize                           text6        00150E
_lcd_8_bit_send_command                         text7        0017F4
_lcd_8bit_send_enable_signal                    text8        001C10
_led1                                           dataCOMRAM   000033
_led_initialize                                 text3        001884
_led_turn_off                                   text2        001976
_led_turn_on                                    text1        001900
_main                                           text0        00175E
_port_registers                                 dataCOMRAM   000001
_send_4bit_data                                 text11       001ACA
_tris_registers                                 dataCOMRAM   000015
btemp                                           temp         000073
end_of_initialization                           cinit        001B7E
gpio_pin_direction_intialize@pin_config         cstackCOMRAM 000035
gpio_pin_direction_intialize@ret                cstackCOMRAM 00003D
gpio_pin_intialize@pin_config                   cstackCOMRAM 00003F
gpio_pin_intialize@ret                          cstackCOMRAM 000042
gpio_pin_write_logic@logic                      cstackCOMRAM 000037
gpio_pin_write_logic@pin_config                 cstackCOMRAM 000035
gpio_pin_write_logic@ret                        cstackCOMRAM 00003E
int$flags                                       temp         000073
int_func                                        intcode_body 001008
intlevel0                                       text         000000
intlevel1                                       text         000000
intlevel2                                       text         000000
intlevel3                                       text         000000
isa$std                                         (abs)        000001
isa$xinst                                       (abs)        000000
lcd_4_bit_initialize@l_data_counter             cstackCOMRAM 00004B
lcd_4_bit_initialize@lcd                        cstackCOMRAM 000047
lcd_4_bit_initialize@ret                        cstackCOMRAM 00004C
lcd_4_bit_send_command@command                  cstackCOMRAM 000045
lcd_4_bit_send_command@lcd                      cstackCOMRAM 000043
lcd_4_bit_send_command@ret                      cstackCOMRAM 000046
lcd_4bit_send_enable_signal@lcd                 cstackCOMRAM 00003F
lcd_4bit_send_enable_signal@ret                 cstackCOMRAM 000042
lcd_8_bit_initialize@l_data_counter             cstackCOMRAM 000050
lcd_8_bit_initialize@lcd                        cstackCOMRAM 00004C
lcd_8_bit_initialize@ret                        cstackCOMRAM 000051
lcd_8_bit_send_command@command                  cstackCOMRAM 000045
lcd_8_bit_send_command@l_command_counter        cstackCOMRAM 00004B
lcd_8_bit_send_command@lcd                      cstackCOMRAM 000043
lcd_8_bit_send_command@ret                      cstackCOMRAM 00004A
lcd_8bit_send_enable_signal@lcd                 cstackCOMRAM 00003F
lcd_8bit_send_enable_signal@ret                 cstackCOMRAM 000042
led_initialize@F3048                            bssCOMRAM    000072
led_initialize@led                              cstackCOMRAM 000043
led_initialize@pin_obj                          cstackCOMRAM 000047
led_initialize@ret                              cstackCOMRAM 000046
led_toggle@F3063                                bssCOMRAM    00006F
led_turn_off@F3058                              bssCOMRAM    000070
led_turn_off@led                                cstackCOMRAM 00003F
led_turn_off@pin_obj                            cstackCOMRAM 000042
led_turn_on@F3053                               bssCOMRAM    000071
led_turn_on@led                                 cstackCOMRAM 00003F
led_turn_on@pin_obj                             cstackCOMRAM 000042
main@Read_value                                 cstackCOMRAM 000055
main@Write_value                                cstackCOMRAM 000054
send_4bit_data@command                          cstackCOMRAM 000041
send_4bit_data@lcd                              cstackCOMRAM 00003F
send_4bit_data@ret                              cstackCOMRAM 000042
stackhi                                         (abs)        000000
stacklo                                         (abs)        000000
start                                           init         00000E
start_initialization                            cinit        001B32
ttemp5                                          temp         000074
ttemp6                                          temp         000077
ttemp7                                          temp         00007B
wtemp8                                          temp         000074


MODULE INFORMATION

Module		Function		Class		Link	Load	Size
MCAL_Layer/interrupt/mcal_external_interrupt.c
		_RB4_ISR       		CODE           	1D54	0000	26
		_RB5_ISR       		CODE           	1D3A	0000	26
		_RB6_ISR       		CODE           	1D20	0000	26
		_RB7_ISR       		CODE           	1D06	0000	26
		_INT0_ISR      		CODE           	1D7C	0000	4
		_INT1_ISR      		CODE           	1D78	0000	4
		_INT2_ISR      		CODE           	1D74	0000	4

MCAL_Layer/interrupt/mcal_external_interrupt.c estimated size: 116

MCAL_Layer/EEPROM/hal_eeprom.c
		_Data_EEPROM_Read_Data		CODE           	1BCE	0000	66
		_Data_EEPROM_Write_Data		CODE           	1B88	0000	70

MCAL_Layer/EEPROM/hal_eeprom.c estimated size: 136

ECU_Layer/LCD/ecu_LCD.c
		_lcd_8_bit_initialize		CODE           	150E	0000	296
		_lcd_8bit_send_enable_signal		CODE           	1C10	0000	60
		_lcd_4_bit_initialize		CODE           	1636	0000	296
		_lcd_4bit_send_enable_signal		CODE           	1C4C	0000	60
		_lcd_8_bit_send_command		CODE           	17F4	0000	144
		_send_4bit_data		CODE           	1ACA	0000	104
		_lcd_4_bit_send_command		CODE           	19EC	0000	114

ECU_Layer/LCD/ecu_LCD.c estimated size: 1074

shared
		__initialization		CODE           	1B32	0000	76

shared estimated size: 76

ECU_Layer/ecu_init.c
		_ECU_Layer_initialize		CODE           	1CEC	0000	26

ECU_Layer/ecu_init.c estimated size: 26

MCAL_Layer/GPIO/hal_gpio.c
		_gpio_pin_write_logic		CODE           	13D2	0000	316
		_gpio_pin_intialize		CODE           	1A5E	0000	108
		_gpio_pin_direction_intialize		CODE           	128E	0000	324

MCAL_Layer/GPIO/hal_gpio.c estimated size: 748

ECU_Layer/LED/ecu_led.c
		_led_initialize		CODE           	1884	0000	124
		_led_turn_on   		CODE           	1900	0000	118
		_led_turn_off  		CODE           	1976	0000	118

ECU_Layer/LED/ecu_led.c estimated size: 360

application.c
		_application_initialize		CODE           	1D6E	0000	6
		_main          		CODE           	175E	0000	150

application.c estimated size: 156

MCAL_Layer/interrupt/mcal_interrupt_manager.c
		_Interrupt_Manager		CODE           	0008	0000	652

MCAL_Layer/interrupt/mcal_interrupt_manager.c estimated size: 652

